// Jest Snapshot v1, https://goo.gl/fbAQLP

exports[`matching a snapshot of AllGO 1`] = `
<div
  className="wrapper"
>
  <div
    className="wrapper"
  />
</div>
`;
